npm error code ENOENT
npm error syscall open
npm error path /Users/eneskaynakci/Github/CTIS-SIMS/package.json
npm error errno -2
npm error enoent Could not read package.json: Error: ENOENT: no such file or directory, open '/Users/eneskaynakci/Github/CTIS-SIMS/package.json'
npm error enoent This is related to npm not being able to find a file.
npm error enoent
npm error A complete log of this run can be found in: /Users/eneskaynakci/.npm/_logs/2025-12-09T18_58_30_198Z-debug-0.log
